<?php

namespace _obf373938;
abstract class _obf373839 extends FooBaseClass implements Bar1, Bar2, Bar3
{

    var $numbers = array("one", "two", "three", "four", "five", "six");
    var $v = 0; // comment
    public $path = "root"; // comment

    const _obf373935 = 'first';
    const _obf373936 = 0;
    const _obf373937 = -1;

    function _obf373930($v,
                 $w = "a")
    {
        $y = $w;
        $result = foo("arg1",
            "arg2",
            10);
        switch ($v) {
            case 0:
                return 1;
            case self::_obf373935:
                echo '1';
                break;
            case 2:
                break;
            default:
                $result = 10;
        }
        return $result;
    }

    public static function _obf373931(#[Attribute(1, 2)] $argA, $argB, $argC, $argD, $argE, $argF, $argG, $argH)
    {
        $x = $argA + $argB + $argC + $argD + $argE + $argF + $argG + $argH;
        list($field1, $field2, $field3, $filed4, $field5, $field6) = explode(",", $x);
        fTwo($argA, $argB, $argC, fThree($argD, $argE, $argF, $argG, $argH));
        $z = $argA == "Some string" ? "yes" : "no";
        $colors = array("red", "green", "blue", "black", "white", "gray");
        $count = count($colors);
        for ($i = 0; $i < $count; $i++) {
            $colorString = $colors[$i];
        }
    }

    function _obf373932($strA, $strB, $strC, $strD)
    {
        if ($strA == "one" || $strB == "two" || $strC == "three") {
            return $strA + $strB + $strC;
        }
        $x = $foo->one("a", "b")->two("c", "d", "e")->three("fg")->four();
        $y = a()->b()->c();
        return $strD;
    }


}
